2026-03-29 16:40:21,446 - __main__ - INFO - 
================================================================================
2026-03-29 16:40:21,446 - __main__ - INFO - GENERIC DATA QUALITY VALIDATION - 2026-03-26_MSRBRegistrants.csv
2026-03-29 16:40:21,447 - __main__ - INFO - ================================================================================
2026-03-29 16:40:21,447 - __main__ - INFO - 
[SCHEMA CHECK] Verifying required columns
2026-03-29 16:40:21,447 - __main__ - INFO - --------------------------------------------------------------------------------
2026-03-29 16:40:21,450 - __main__ - INFO - PASS: All 4 required columns found
2026-03-29 16:40:21,451 - __main__ - INFO - 
[ROW-LEVEL VALIDATION] Checking each row
2026-03-29 16:40:21,451 - __main__ - INFO - --------------------------------------------------------------------------------
2026-03-29 16:40:21,596 - __main__ - ERROR - Row validation failed: 37 error(s) in 33 row(s)
2026-03-29 16:40:21,596 - __main__ - ERROR - 
Sample errors (first 5):
2026-03-29 16:40:21,596 - __main__ - ERROR -   1. Row 25, Column 'Firm Name': Firm Name: Only alphabets, numbers, spaces, and .,&- allowed
2026-03-29 16:40:21,596 - __main__ - ERROR -   2. Row 90, Column 'Firm Name': Firm Name: Only alphabets, numbers, spaces, and .,&- allowed
2026-03-29 16:40:21,596 - __main__ - ERROR -   3. Row 101, Column 'Firm Name': Firm Name: Only alphabets, numbers, spaces, and .,&- allowed
2026-03-29 16:40:21,597 - __main__ - ERROR -   4. Row 131, Column 'Firm Name': Firm Name: Only alphabets, numbers, spaces, and .,&- allowed
2026-03-29 16:40:21,597 - __main__ - ERROR -   5. Row 160, Column 'MSRB ID': MSRB ID: Must be format A followed by 4 digits (e.g., A0001)
2026-03-29 16:40:21,597 - __main__ - ERROR -   ... and 32 more error(s)
2026-03-29 16:40:21,597 - __main__ - INFO - 
[TABLE-LEVEL VALIDATION] Checking uniqueness constraints
2026-03-29 16:40:21,597 - __main__ - INFO - --------------------------------------------------------------------------------
2026-03-29 16:40:21,597 - __main__ - INFO - Checking uniqueness for column 'MSRB ID'
2026-03-29 16:40:21,603 - __main__ - INFO - PASS: No duplicates in 'MSRB ID'
2026-03-29 16:40:21,603 - __main__ - INFO - 
================================================================================
2026-03-29 16:40:21,603 - __main__ - INFO - DATA QUALITY VALIDATION SUMMARY
2026-03-29 16:40:21,604 - __main__ - INFO - ================================================================================
2026-03-29 16:40:21,604 - __main__ - INFO - Checks Passed: 2
2026-03-29 16:40:21,604 - __main__ - INFO - Checks Failed: 1
2026-03-29 16:40:21,604 - __main__ - INFO - Errors Found:  37
2026-03-29 16:40:21,604 - __main__ - INFO - Detailed Errors: 37
2026-03-29 16:40:21,604 - __main__ - INFO - Warnings Found: 0
2026-03-29 16:40:21,604 - __main__ - ERROR - 
[ERRORS]
2026-03-29 16:40:21,604 - __main__ - ERROR -   1. Row 25: Firm Name: Only alphabets, numbers, spaces, and .,&- allowed
2026-03-29 16:40:21,605 - __main__ - ERROR -   2. Row 90: Firm Name: Only alphabets, numbers, spaces, and .,&- allowed
2026-03-29 16:40:21,605 - __main__ - ERROR -   3. Row 101: Firm Name: Only alphabets, numbers, spaces, and .,&- allowed
2026-03-29 16:40:21,605 - __main__ - ERROR -   4. Row 131: Firm Name: Only alphabets, numbers, spaces, and .,&- allowed
2026-03-29 16:40:21,605 - __main__ - ERROR -   5. Row 160: MSRB ID: Must be format A followed by 4 digits (e.g., A0001)
2026-03-29 16:40:21,605 - __main__ - ERROR -   6. Row 195: Firm Name: Only alphabets, numbers, spaces, and .,&- allowed
2026-03-29 16:40:21,605 - __main__ - ERROR -   7. Row 199: MSRB ID: Must be format A followed by 4 digits (e.g., A0001)
2026-03-29 16:40:21,605 - __main__ - ERROR -   8. Row 217: Firm Name: Only alphabets, numbers, spaces, and .,&- allowed
2026-03-29 16:40:21,605 - __main__ - ERROR -   9. Row 238: Firm Name: Only alphabets, numbers, spaces, and .,&- allowed
2026-03-29 16:40:21,606 - __main__ - ERROR -   10. Row 263: MSRB ID: Must be format A followed by 4 digits (e.g., A0001)
2026-03-29 16:40:21,606 - __main__ - ERROR -   ... and 27 more error(s)
2026-03-29 16:40:21,606 - __main__ - INFO - 
Overall Status: FAILED
2026-03-29 16:40:21,606 - __main__ - INFO - ================================================================================

2026-03-29 16:40:21,613 - __main__ - INFO - Validation summary report exported to ./output/data_quality_report.csv
2026-03-29 16:40:21,621 - __main__ - INFO - Detailed check results exported to ./output/data_quality_report_detailed.csv
2026-03-29 16:40:21,625 - __main__ - INFO - Row-level errors exported to ./output/data_quality_errors.csv
2026-03-29 16:43:39,208 - __main__ - INFO - 
================================================================================
2026-03-29 16:43:39,208 - __main__ - INFO - GENERIC DATA QUALITY VALIDATION - 2026-03-26_MSRBRegistrants.csv
2026-03-29 16:43:39,208 - __main__ - INFO - ================================================================================
2026-03-29 16:43:39,208 - __main__ - INFO - 
[SCHEMA CHECK] Verifying required columns
2026-03-29 16:43:39,225 - __main__ - INFO - --------------------------------------------------------------------------------
2026-03-29 16:43:39,227 - __main__ - INFO - PASS: All 4 required columns found
2026-03-29 16:43:39,228 - __main__ - INFO - 
[ROW-LEVEL VALIDATION] Checking each row
2026-03-29 16:43:39,229 - __main__ - INFO - --------------------------------------------------------------------------------
2026-03-29 16:43:39,581 - __main__ - ERROR - Row validation failed: 37 error(s) in 33 row(s)
2026-03-29 16:43:39,581 - __main__ - ERROR - 
Sample errors (first 5):
2026-03-29 16:43:39,581 - __main__ - ERROR -   1. Row 25, Column 'Firm Name': Firm Name: Only alphabets, numbers, spaces, and .,&- allowed
2026-03-29 16:43:39,581 - __main__ - ERROR -   2. Row 90, Column 'Firm Name': Firm Name: Only alphabets, numbers, spaces, and .,&- allowed
2026-03-29 16:43:39,581 - __main__ - ERROR -   3. Row 101, Column 'Firm Name': Firm Name: Only alphabets, numbers, spaces, and .,&- allowed
2026-03-29 16:43:39,581 - __main__ - ERROR -   4. Row 131, Column 'Firm Name': Firm Name: Only alphabets, numbers, spaces, and .,&- allowed
2026-03-29 16:43:39,597 - __main__ - ERROR -   5. Row 160, Column 'MSRB ID': MSRB ID: Must be format A followed by 4 digits (e.g., A0001)
2026-03-29 16:43:39,597 - __main__ - ERROR -   ... and 32 more error(s)
2026-03-29 16:43:39,597 - __main__ - INFO - 
[TABLE-LEVEL VALIDATION] Checking uniqueness constraints
2026-03-29 16:43:39,602 - __main__ - INFO - --------------------------------------------------------------------------------
2026-03-29 16:43:39,603 - __main__ - INFO - Checking uniqueness for column 'MSRB ID'
2026-03-29 16:43:39,606 - __main__ - INFO - PASS: No duplicates in 'MSRB ID'
2026-03-29 16:43:39,607 - __main__ - INFO - 
================================================================================
2026-03-29 16:43:39,610 - __main__ - INFO - DATA QUALITY VALIDATION SUMMARY
2026-03-29 16:43:39,610 - __main__ - INFO - ================================================================================
2026-03-29 16:43:39,610 - __main__ - INFO - Checks Passed: 2
2026-03-29 16:43:39,611 - __main__ - INFO - Checks Failed: 1
2026-03-29 16:43:39,611 - __main__ - INFO - Errors Found:  37
2026-03-29 16:43:39,611 - __main__ - INFO - Detailed Errors: 37
2026-03-29 16:43:39,611 - __main__ - INFO - Warnings Found: 0
2026-03-29 16:43:39,612 - __main__ - ERROR - 
[ERRORS]
2026-03-29 16:43:39,612 - __main__ - ERROR -   1. Row 25: Firm Name: Only alphabets, numbers, spaces, and .,&- allowed
2026-03-29 16:43:39,612 - __main__ - ERROR -   2. Row 90: Firm Name: Only alphabets, numbers, spaces, and .,&- allowed
2026-03-29 16:43:39,613 - __main__ - ERROR -   3. Row 101: Firm Name: Only alphabets, numbers, spaces, and .,&- allowed
2026-03-29 16:43:39,613 - __main__ - ERROR -   4. Row 131: Firm Name: Only alphabets, numbers, spaces, and .,&- allowed
2026-03-29 16:43:39,613 - __main__ - ERROR -   5. Row 160: MSRB ID: Must be format A followed by 4 digits (e.g., A0001)
2026-03-29 16:43:39,614 - __main__ - ERROR -   6. Row 195: Firm Name: Only alphabets, numbers, spaces, and .,&- allowed
2026-03-29 16:43:39,614 - __main__ - ERROR -   7. Row 199: MSRB ID: Must be format A followed by 4 digits (e.g., A0001)
2026-03-29 16:43:39,614 - __main__ - ERROR -   8. Row 217: Firm Name: Only alphabets, numbers, spaces, and .,&- allowed
2026-03-29 16:43:39,614 - __main__ - ERROR -   9. Row 238: Firm Name: Only alphabets, numbers, spaces, and .,&- allowed
2026-03-29 16:43:39,615 - __main__ - ERROR -   10. Row 263: MSRB ID: Must be format A followed by 4 digits (e.g., A0001)
2026-03-29 16:43:39,615 - __main__ - ERROR -   ... and 27 more error(s)
2026-03-29 16:43:39,615 - __main__ - INFO - 
Overall Status: FAILED
2026-03-29 16:43:39,616 - __main__ - INFO - ================================================================================

2026-03-29 16:43:39,624 - __main__ - INFO - Validation summary report exported to ./output/data_quality_report.csv
2026-03-29 16:43:39,630 - __main__ - INFO - Detailed check results exported to ./output/data_quality_report_detailed.csv
2026-03-29 16:43:39,637 - __main__ - INFO - Row-level errors exported to ./output/data_quality_errors.csv
2026-03-30 06:16:47,559 - __main__ - INFO - 
================================================================================
2026-03-30 06:16:47,574 - __main__ - INFO - GENERIC DATA QUALITY VALIDATION - 2026-03-26_MSRBRegistrants.csv
2026-03-30 06:16:47,574 - __main__ - INFO - ================================================================================
2026-03-30 06:16:47,584 - __main__ - INFO - 
[SCHEMA CHECK] Verifying required columns
2026-03-30 06:16:47,585 - __main__ - INFO - --------------------------------------------------------------------------------
2026-03-30 06:16:47,612 - __main__ - INFO - PASS: All 4 required columns found
2026-03-30 06:16:47,620 - __main__ - INFO - 
[ROW-LEVEL VALIDATION] Checking each row
2026-03-30 06:16:47,620 - __main__ - INFO - --------------------------------------------------------------------------------
2026-03-30 06:16:48,028 - __main__ - ERROR - Row validation failed: 37 error(s) in 33 row(s)
2026-03-30 06:16:48,028 - __main__ - ERROR - 
Sample errors (first 5):
2026-03-30 06:16:48,028 - __main__ - ERROR -   1. Row 25, Column 'Firm Name': Firm Name: Only alphabets, numbers, spaces, and .,&- allowed
2026-03-30 06:16:48,028 - __main__ - ERROR -   2. Row 90, Column 'Firm Name': Firm Name: Only alphabets, numbers, spaces, and .,&- allowed
2026-03-30 06:16:48,028 - __main__ - ERROR -   3. Row 101, Column 'Firm Name': Firm Name: Only alphabets, numbers, spaces, and .,&- allowed
2026-03-30 06:16:48,028 - __main__ - ERROR -   4. Row 131, Column 'Firm Name': Firm Name: Only alphabets, numbers, spaces, and .,&- allowed
2026-03-30 06:16:48,028 - __main__ - ERROR -   5. Row 160, Column 'MSRB ID': MSRB ID: Must be format A followed by 4 digits (e.g., A0001)
2026-03-30 06:16:48,041 - __main__ - ERROR -   ... and 32 more error(s)
2026-03-30 06:16:48,051 - __main__ - INFO - 
[TABLE-LEVEL VALIDATION] Checking uniqueness constraints
2026-03-30 06:16:48,059 - __main__ - INFO - --------------------------------------------------------------------------------
2026-03-30 06:16:48,059 - __main__ - INFO - Checking uniqueness for column 'MSRB ID'
2026-03-30 06:16:48,065 - __main__ - INFO - PASS: No duplicates in 'MSRB ID'
2026-03-30 06:16:48,065 - __main__ - INFO - 
================================================================================
2026-03-30 06:16:48,076 - __main__ - INFO - DATA QUALITY VALIDATION SUMMARY
2026-03-30 06:16:48,077 - __main__ - INFO - ================================================================================
2026-03-30 06:16:48,077 - __main__ - INFO - Checks Passed: 2
2026-03-30 06:16:48,078 - __main__ - INFO - Checks Failed: 1
2026-03-30 06:16:48,078 - __main__ - INFO - Errors Found:  37
2026-03-30 06:16:48,079 - __main__ - INFO - Detailed Errors: 37
2026-03-30 06:16:48,080 - __main__ - INFO - Warnings Found: 0
2026-03-30 06:16:48,094 - __main__ - ERROR - 
[ERRORS]
2026-03-30 06:16:48,098 - __main__ - ERROR -   1. Row 25: Firm Name: Only alphabets, numbers, spaces, and .,&- allowed
2026-03-30 06:16:48,098 - __main__ - ERROR -   2. Row 90: Firm Name: Only alphabets, numbers, spaces, and .,&- allowed
2026-03-30 06:16:48,114 - __main__ - ERROR -   3. Row 101: Firm Name: Only alphabets, numbers, spaces, and .,&- allowed
2026-03-30 06:16:48,131 - __main__ - ERROR -   4. Row 131: Firm Name: Only alphabets, numbers, spaces, and .,&- allowed
2026-03-30 06:16:48,131 - __main__ - ERROR -   5. Row 160: MSRB ID: Must be format A followed by 4 digits (e.g., A0001)
2026-03-30 06:16:48,143 - __main__ - ERROR -   6. Row 195: Firm Name: Only alphabets, numbers, spaces, and .,&- allowed
2026-03-30 06:16:48,144 - __main__ - ERROR -   7. Row 199: MSRB ID: Must be format A followed by 4 digits (e.g., A0001)
2026-03-30 06:16:48,144 - __main__ - ERROR -   8. Row 217: Firm Name: Only alphabets, numbers, spaces, and .,&- allowed
2026-03-30 06:16:48,148 - __main__ - ERROR -   9. Row 238: Firm Name: Only alphabets, numbers, spaces, and .,&- allowed
2026-03-30 06:16:48,148 - __main__ - ERROR -   10. Row 263: MSRB ID: Must be format A followed by 4 digits (e.g., A0001)
2026-03-30 06:16:48,148 - __main__ - ERROR -   ... and 27 more error(s)
2026-03-30 06:16:48,148 - __main__ - INFO - 
Overall Status: FAILED
2026-03-30 06:16:48,148 - __main__ - INFO - ================================================================================

2026-03-30 06:16:48,165 - __main__ - INFO - Validation summary report exported to ./output/data_quality_report.csv
2026-03-30 06:16:48,181 - __main__ - INFO - Detailed check results exported to ./output/data_quality_report_detailed.csv
2026-03-30 06:16:48,198 - __main__ - INFO - Row-level errors exported to ./output/data_quality_errors.csv
2026-03-30 06:16:50,551 - __main__ - INFO - 
================================================================================
2026-03-30 06:16:50,551 - __main__ - INFO - GENERIC DATA QUALITY VALIDATION - 2026-03-26_MSRBRegistrants.csv
2026-03-30 06:16:50,551 - __main__ - INFO - ================================================================================
2026-03-30 06:16:50,551 - __main__ - INFO - 
[SCHEMA CHECK] Verifying required columns
2026-03-30 06:16:50,567 - __main__ - INFO - --------------------------------------------------------------------------------
2026-03-30 06:16:50,567 - __main__ - INFO - PASS: All 4 required columns found
2026-03-30 06:16:50,567 - __main__ - INFO - 
[ROW-LEVEL VALIDATION] Checking each row
2026-03-30 06:16:50,567 - __main__ - INFO - --------------------------------------------------------------------------------
2026-03-30 06:16:50,731 - __main__ - ERROR - Row validation failed: 37 error(s) in 33 row(s)
2026-03-30 06:16:50,731 - __main__ - ERROR - 
Sample errors (first 5):
2026-03-30 06:16:50,732 - __main__ - ERROR -   1. Row 25, Column 'Firm Name': Firm Name: Only alphabets, numbers, spaces, and .,&- allowed
2026-03-30 06:16:50,732 - __main__ - ERROR -   2. Row 90, Column 'Firm Name': Firm Name: Only alphabets, numbers, spaces, and .,&- allowed
2026-03-30 06:16:50,733 - __main__ - ERROR -   3. Row 101, Column 'Firm Name': Firm Name: Only alphabets, numbers, spaces, and .,&- allowed
2026-03-30 06:16:50,733 - __main__ - ERROR -   4. Row 131, Column 'Firm Name': Firm Name: Only alphabets, numbers, spaces, and .,&- allowed
2026-03-30 06:16:50,734 - __main__ - ERROR -   5. Row 160, Column 'MSRB ID': MSRB ID: Must be format A followed by 4 digits (e.g., A0001)
2026-03-30 06:16:50,734 - __main__ - ERROR -   ... and 32 more error(s)
2026-03-30 06:16:50,735 - __main__ - INFO - 
[TABLE-LEVEL VALIDATION] Checking uniqueness constraints
2026-03-30 06:16:50,735 - __main__ - INFO - --------------------------------------------------------------------------------
2026-03-30 06:16:50,735 - __main__ - INFO - Checking uniqueness for column 'MSRB ID'
2026-03-30 06:16:50,737 - __main__ - INFO - PASS: No duplicates in 'MSRB ID'
2026-03-30 06:16:50,737 - __main__ - INFO - 
================================================================================
2026-03-30 06:16:50,738 - __main__ - INFO - DATA QUALITY VALIDATION SUMMARY
2026-03-30 06:16:50,739 - __main__ - INFO - ================================================================================
2026-03-30 06:16:50,739 - __main__ - INFO - Checks Passed: 2
2026-03-30 06:16:50,740 - __main__ - INFO - Checks Failed: 1
2026-03-30 06:16:50,740 - __main__ - INFO - Errors Found:  37
2026-03-30 06:16:50,741 - __main__ - INFO - Detailed Errors: 37
2026-03-30 06:16:50,742 - __main__ - INFO - Warnings Found: 0
2026-03-30 06:16:50,742 - __main__ - ERROR - 
[ERRORS]
2026-03-30 06:16:50,743 - __main__ - ERROR -   1. Row 25: Firm Name: Only alphabets, numbers, spaces, and .,&- allowed
2026-03-30 06:16:50,743 - __main__ - ERROR -   2. Row 90: Firm Name: Only alphabets, numbers, spaces, and .,&- allowed
2026-03-30 06:16:50,744 - __main__ - ERROR -   3. Row 101: Firm Name: Only alphabets, numbers, spaces, and .,&- allowed
2026-03-30 06:16:50,745 - __main__ - ERROR -   4. Row 131: Firm Name: Only alphabets, numbers, spaces, and .,&- allowed
2026-03-30 06:16:50,745 - __main__ - ERROR -   5. Row 160: MSRB ID: Must be format A followed by 4 digits (e.g., A0001)
2026-03-30 06:16:50,746 - __main__ - ERROR -   6. Row 195: Firm Name: Only alphabets, numbers, spaces, and .,&- allowed
2026-03-30 06:16:50,747 - __main__ - ERROR -   7. Row 199: MSRB ID: Must be format A followed by 4 digits (e.g., A0001)
2026-03-30 06:16:50,747 - __main__ - ERROR -   8. Row 217: Firm Name: Only alphabets, numbers, spaces, and .,&- allowed
2026-03-30 06:16:50,748 - __main__ - ERROR -   9. Row 238: Firm Name: Only alphabets, numbers, spaces, and .,&- allowed
2026-03-30 06:16:50,748 - __main__ - ERROR -   10. Row 263: MSRB ID: Must be format A followed by 4 digits (e.g., A0001)
2026-03-30 06:16:50,749 - __main__ - ERROR -   ... and 27 more error(s)
2026-03-30 06:16:50,750 - __main__ - INFO - 
Overall Status: FAILED
2026-03-30 06:16:50,750 - __main__ - INFO - ================================================================================

2026-03-30 06:16:50,760 - __main__ - INFO - Validation summary report exported to ./output/data_quality_report.csv
2026-03-30 06:16:50,764 - __main__ - INFO - Detailed check results exported to ./output/data_quality_report_detailed.csv
2026-03-30 06:16:50,764 - __main__ - INFO - Row-level errors exported to ./output/data_quality_errors.csv
2026-03-31 16:40:16,957 - __main__ - INFO - 
================================================================================
2026-03-31 16:40:16,958 - __main__ - INFO - GENERIC DATA QUALITY VALIDATION - 2026-03-31_MSRBDealer.csv
2026-03-31 16:40:16,959 - __main__ - INFO - ================================================================================
2026-03-31 16:40:16,959 - __main__ - INFO - 
[SCHEMA CHECK] Verifying required columns
2026-03-31 16:40:16,960 - __main__ - INFO - --------------------------------------------------------------------------------
2026-03-31 16:40:16,962 - __main__ - ERROR - ERROR: Missing required columns: name, id, state, type
2026-03-31 16:40:16,971 - __main__ - INFO - 
[ROW-LEVEL VALIDATION] Checking each row
2026-03-31 16:40:16,972 - __main__ - INFO - --------------------------------------------------------------------------------
2026-03-31 16:40:16,975 - __main__ - ERROR - Error during validation: 'name'
2026-03-31 16:41:39,241 - __main__ - INFO - 
================================================================================
2026-03-31 16:41:39,241 - __main__ - INFO - GENERIC DATA QUALITY VALIDATION - C:\Users\User\OneDrive\Documents\py_task\2026-03-31_MSRBDealer.csv
2026-03-31 16:41:39,241 - __main__ - INFO - ================================================================================
2026-03-31 16:41:39,245 - __main__ - INFO - 
[SCHEMA CHECK] Verifying required columns
2026-03-31 16:41:39,245 - __main__ - INFO - --------------------------------------------------------------------------------
2026-03-31 16:41:39,246 - __main__ - ERROR - ERROR: Missing required columns: name, id, state, type
2026-03-31 16:41:39,248 - __main__ - INFO - 
[ROW-LEVEL VALIDATION] Checking each row
2026-03-31 16:41:39,248 - __main__ - INFO - --------------------------------------------------------------------------------
2026-03-31 16:41:39,249 - __main__ - ERROR - Error during validation: 'name'
2026-03-31 16:44:11,609 - __main__ - INFO - 
================================================================================
2026-03-31 16:44:11,609 - __main__ - INFO - GENERIC DATA QUALITY VALIDATION - C:\Users\User\OneDrive\Documents\py_task\2026-03-26_MSRBRegistrants.csv
2026-03-31 16:44:11,609 - __main__ - INFO - ================================================================================
2026-03-31 16:44:11,615 - __main__ - INFO - 
[SCHEMA CHECK] Verifying required columns
2026-03-31 16:44:11,616 - __main__ - INFO - --------------------------------------------------------------------------------
2026-03-31 16:44:11,616 - __main__ - ERROR - ERROR: Missing required columns: name, id, state, type
2026-03-31 16:44:11,617 - __main__ - INFO - 
[ROW-LEVEL VALIDATION] Checking each row
2026-03-31 16:44:11,618 - __main__ - INFO - --------------------------------------------------------------------------------
2026-03-31 16:44:11,619 - __main__ - ERROR - Error during validation: 'name'
2026-03-31 18:32:16,032 - __main__ - INFO - 
================================================================================
2026-03-31 18:32:16,048 - __main__ - INFO - GENERIC DATA QUALITY VALIDATION - C:\Users\User\OneDrive\Documents\py_task\2026-03-31_MSRBDealer.csv
2026-03-31 18:32:16,049 - __main__ - INFO - ================================================================================
2026-03-31 18:32:16,051 - __main__ - INFO - 
[SCHEMA CHECK] Verifying required columns
2026-03-31 18:32:16,052 - __main__ - INFO - --------------------------------------------------------------------------------
2026-03-31 18:32:16,053 - __main__ - ERROR - ERROR: Missing required columns: MSRB ID, State, Registrant Type
2026-03-31 18:32:16,054 - __main__ - INFO - 
[ROW-LEVEL VALIDATION] Checking each row
2026-03-31 18:32:16,055 - __main__ - INFO - --------------------------------------------------------------------------------
2026-03-31 18:32:16,056 - __main__ - ERROR - Error during validation: 'MSRB ID'
2026-03-31 18:32:16,083 - __main__ - INFO - Validation summary report exported to ./output/data_quality_report.csv
2026-03-31 18:33:01,428 - __main__ - INFO - 
================================================================================
2026-03-31 18:33:01,428 - __main__ - INFO - GENERIC DATA QUALITY VALIDATION - C:\Users\User\OneDrive\Documents\py_task\2026-03-26_MSRBRegistrants.csv
2026-03-31 18:33:01,428 - __main__ - INFO - ================================================================================
2026-03-31 18:33:01,440 - __main__ - INFO - 
[SCHEMA CHECK] Verifying required columns
2026-03-31 18:33:01,441 - __main__ - INFO - --------------------------------------------------------------------------------
2026-03-31 18:33:01,441 - __main__ - INFO - PASS: All 4 required columns found
2026-03-31 18:33:01,442 - __main__ - INFO - 
[ROW-LEVEL VALIDATION] Checking each row
2026-03-31 18:33:01,443 - __main__ - INFO - --------------------------------------------------------------------------------
2026-03-31 18:33:01,561 - __main__ - ERROR - Row validation failed: 21 error(s) in 21 row(s)
2026-03-31 18:33:01,561 - __main__ - ERROR - 
Sample errors (first 5):
2026-03-31 18:33:01,561 - __main__ - ERROR -   1. Row 25, Column 'Firm Name': Firm Name: Only alphabets, numbers, spaces, and .,&- allowed
2026-03-31 18:33:01,561 - __main__ - ERROR -   2. Row 90, Column 'Firm Name': Firm Name: Only alphabets, numbers, spaces, and .,&- allowed
2026-03-31 18:33:01,561 - __main__ - ERROR -   3. Row 101, Column 'Firm Name': Firm Name: Only alphabets, numbers, spaces, and .,&- allowed
2026-03-31 18:33:01,561 - __main__ - ERROR -   4. Row 131, Column 'Firm Name': Firm Name: Only alphabets, numbers, spaces, and .,&- allowed
2026-03-31 18:33:01,561 - __main__ - ERROR -   5. Row 195, Column 'Firm Name': Firm Name: Only alphabets, numbers, spaces, and .,&- allowed
2026-03-31 18:33:01,561 - __main__ - ERROR -   ... and 16 more error(s)
2026-03-31 18:33:01,561 - __main__ - INFO - 
[TABLE-LEVEL VALIDATION] Checking uniqueness constraints
2026-03-31 18:33:01,561 - __main__ - INFO - --------------------------------------------------------------------------------
2026-03-31 18:33:01,576 - __main__ - INFO - Checking uniqueness for column 'MSRB ID'
2026-03-31 18:33:01,576 - __main__ - INFO - PASS: No duplicates in 'MSRB ID'
2026-03-31 18:33:01,576 - __main__ - INFO - 
================================================================================
2026-03-31 18:33:01,576 - __main__ - INFO - DATA QUALITY VALIDATION SUMMARY
2026-03-31 18:33:01,576 - __main__ - INFO - ================================================================================
2026-03-31 18:33:01,586 - __main__ - INFO - Checks Passed: 2
2026-03-31 18:33:01,586 - __main__ - INFO - Checks Failed: 1
2026-03-31 18:33:01,587 - __main__ - INFO - Errors Found:  21
2026-03-31 18:33:01,587 - __main__ - INFO - Detailed Errors: 21
2026-03-31 18:33:01,587 - __main__ - INFO - Warnings Found: 0
2026-03-31 18:33:01,588 - __main__ - ERROR - 
[ERRORS]
2026-03-31 18:33:01,590 - __main__ - ERROR -   1. Row 25: Firm Name: Only alphabets, numbers, spaces, and .,&- allowed
2026-03-31 18:33:01,590 - __main__ - ERROR -   2. Row 90: Firm Name: Only alphabets, numbers, spaces, and .,&- allowed
2026-03-31 18:33:01,591 - __main__ - ERROR -   3. Row 101: Firm Name: Only alphabets, numbers, spaces, and .,&- allowed
2026-03-31 18:33:01,591 - __main__ - ERROR -   4. Row 131: Firm Name: Only alphabets, numbers, spaces, and .,&- allowed
2026-03-31 18:33:01,591 - __main__ - ERROR -   5. Row 195: Firm Name: Only alphabets, numbers, spaces, and .,&- allowed
2026-03-31 18:33:01,591 - __main__ - ERROR -   6. Row 217: Firm Name: Only alphabets, numbers, spaces, and .,&- allowed
2026-03-31 18:33:01,591 - __main__ - ERROR -   7. Row 238: Firm Name: Only alphabets, numbers, spaces, and .,&- allowed
2026-03-31 18:33:01,591 - __main__ - ERROR -   8. Row 317: Firm Name: Only alphabets, numbers, spaces, and .,&- allowed
2026-03-31 18:33:01,591 - __main__ - ERROR -   9. Row 376: MSRB ID: Must be format A or B followed by 4 digits (e.g., A0001)
2026-03-31 18:33:01,595 - __main__ - ERROR -   10. Row 433: MSRB ID: Must be format A or B followed by 4 digits (e.g., A0001)
2026-03-31 18:33:01,596 - __main__ - ERROR -   ... and 11 more error(s)
2026-03-31 18:33:01,596 - __main__ - INFO - 
Overall Status: FAILED
2026-03-31 18:33:01,597 - __main__ - INFO - ================================================================================

2026-03-31 18:33:01,605 - __main__ - INFO - Validation summary report exported to ./output/data_quality_report.csv
2026-03-31 18:33:01,615 - __main__ - INFO - Detailed check results exported to ./output/data_quality_report_detailed.csv
2026-03-31 18:33:01,621 - __main__ - INFO - Row-level errors exported to ./output/data_quality_errors.csv
2026-04-01 05:53:48,680 - __main__ - INFO - 
================================================================================
2026-04-01 05:53:48,680 - __main__ - INFO - GENERIC DATA QUALITY VALIDATION - C:\Users\User\OneDrive\Documents\py_task\2026-03-31_MSRBDealer.csv
2026-04-01 05:53:48,680 - __main__ - INFO - ================================================================================
2026-04-01 05:53:48,680 - __main__ - INFO - 
[SCHEMA CHECK] Verifying required columns
2026-04-01 05:53:48,680 - __main__ - INFO - --------------------------------------------------------------------------------
2026-04-01 05:53:48,698 - __main__ - ERROR - ERROR: Missing required columns: MSRB ID, State, Registrant Type
2026-04-01 05:53:48,699 - __main__ - INFO - 
[ROW-LEVEL VALIDATION] Checking each row
2026-04-01 05:53:48,699 - __main__ - INFO - --------------------------------------------------------------------------------
2026-04-01 05:53:48,700 - __main__ - ERROR - Error during validation: 'MSRB ID'
2026-04-01 05:53:48,720 - __main__ - INFO - Validation summary report exported to ./output/data_quality_report.csv
2026-04-01 05:55:04,288 - __main__ - INFO - 
================================================================================
2026-04-01 05:55:04,289 - __main__ - INFO - GENERIC DATA QUALITY VALIDATION - C:\Users\User\OneDrive\Documents\py_task\2026-03-31_MSRBDealer.csv
2026-04-01 05:55:04,290 - __main__ - INFO - ================================================================================
2026-04-01 05:55:04,290 - __main__ - INFO - 
[SCHEMA CHECK] Verifying required columns
2026-04-01 05:55:04,291 - __main__ - INFO - --------------------------------------------------------------------------------
2026-04-01 05:55:04,292 - __main__ - ERROR - ERROR: Missing required columns: MSRB ID, State, Registrant Type
2026-04-01 05:55:04,292 - __main__ - INFO - 
[ROW-LEVEL VALIDATION] Checking each row
2026-04-01 05:55:04,292 - __main__ - INFO - --------------------------------------------------------------------------------
2026-04-01 05:55:04,293 - __main__ - ERROR - Error during validation: 'MSRB ID'
2026-04-01 05:55:04,302 - __main__ - INFO - Validation summary report exported to ./output/data_quality_report.csv
2026-04-01 05:55:43,643 - __main__ - INFO - 
================================================================================
2026-04-01 05:55:43,643 - __main__ - INFO - GENERIC DATA QUALITY VALIDATION - C:\Users\User\OneDrive\Documents\py_task\2026-03-26_MSRBRegistrants.csv
2026-04-01 05:55:43,647 - __main__ - INFO - ================================================================================
2026-04-01 05:55:43,647 - __main__ - INFO - 
[SCHEMA CHECK] Verifying required columns
2026-04-01 05:55:43,648 - __main__ - INFO - --------------------------------------------------------------------------------
2026-04-01 05:55:43,649 - __main__ - INFO - PASS: All 4 required columns found
2026-04-01 05:55:43,650 - __main__ - INFO - 
[ROW-LEVEL VALIDATION] Checking each row
2026-04-01 05:55:43,650 - __main__ - INFO - --------------------------------------------------------------------------------
2026-04-01 05:55:43,782 - __main__ - ERROR - Row validation failed: 21 error(s) in 21 row(s)
2026-04-01 05:55:43,782 - __main__ - ERROR - 
Sample errors (first 5):
2026-04-01 05:55:43,782 - __main__ - ERROR -   1. Row 25, Column 'Firm Name': Firm Name: Only alphabets, numbers, spaces, and .,&- allowed
2026-04-01 05:55:43,782 - __main__ - ERROR -   2. Row 90, Column 'Firm Name': Firm Name: Only alphabets, numbers, spaces, and .,&- allowed
2026-04-01 05:55:43,782 - __main__ - ERROR -   3. Row 101, Column 'Firm Name': Firm Name: Only alphabets, numbers, spaces, and .,&- allowed
2026-04-01 05:55:43,782 - __main__ - ERROR -   4. Row 131, Column 'Firm Name': Firm Name: Only alphabets, numbers, spaces, and .,&- allowed
2026-04-01 05:55:43,782 - __main__ - ERROR -   5. Row 195, Column 'Firm Name': Firm Name: Only alphabets, numbers, spaces, and .,&- allowed
2026-04-01 05:55:43,782 - __main__ - ERROR -   ... and 16 more error(s)
2026-04-01 05:55:43,782 - __main__ - INFO - 
[TABLE-LEVEL VALIDATION] Checking uniqueness constraints
2026-04-01 05:55:43,782 - __main__ - INFO - --------------------------------------------------------------------------------
2026-04-01 05:55:43,782 - __main__ - INFO - Checking uniqueness for column 'MSRB ID'
2026-04-01 05:55:43,807 - __main__ - INFO - PASS: No duplicates in 'MSRB ID'
2026-04-01 05:55:43,808 - __main__ - INFO - 
================================================================================
2026-04-01 05:55:43,808 - __main__ - INFO - DATA QUALITY VALIDATION SUMMARY
2026-04-01 05:55:43,809 - __main__ - INFO - ================================================================================
2026-04-01 05:55:43,809 - __main__ - INFO - Checks Passed: 2
2026-04-01 05:55:43,809 - __main__ - INFO - Checks Failed: 1
2026-04-01 05:55:43,810 - __main__ - INFO - Errors Found:  21
2026-04-01 05:55:43,810 - __main__ - INFO - Detailed Errors: 21
2026-04-01 05:55:43,810 - __main__ - INFO - Warnings Found: 0
2026-04-01 05:55:43,810 - __main__ - ERROR - 
[ERRORS]
2026-04-01 05:55:43,811 - __main__ - ERROR -   1. Row 25: Firm Name: Only alphabets, numbers, spaces, and .,&- allowed
2026-04-01 05:55:43,811 - __main__ - ERROR -   2. Row 90: Firm Name: Only alphabets, numbers, spaces, and .,&- allowed
2026-04-01 05:55:43,812 - __main__ - ERROR -   3. Row 101: Firm Name: Only alphabets, numbers, spaces, and .,&- allowed
2026-04-01 05:55:43,812 - __main__ - ERROR -   4. Row 131: Firm Name: Only alphabets, numbers, spaces, and .,&- allowed
2026-04-01 05:55:43,812 - __main__ - ERROR -   5. Row 195: Firm Name: Only alphabets, numbers, spaces, and .,&- allowed
2026-04-01 05:55:43,812 - __main__ - ERROR -   6. Row 217: Firm Name: Only alphabets, numbers, spaces, and .,&- allowed
2026-04-01 05:55:43,813 - __main__ - ERROR -   7. Row 238: Firm Name: Only alphabets, numbers, spaces, and .,&- allowed
2026-04-01 05:55:43,813 - __main__ - ERROR -   8. Row 317: Firm Name: Only alphabets, numbers, spaces, and .,&- allowed
2026-04-01 05:55:43,813 - __main__ - ERROR -   9. Row 376: MSRB ID: Must be format A or B followed by 4 digits (e.g., A0001)
2026-04-01 05:55:43,814 - __main__ - ERROR -   10. Row 433: MSRB ID: Must be format A or B followed by 4 digits (e.g., A0001)
2026-04-01 05:55:43,815 - __main__ - ERROR -   ... and 11 more error(s)
2026-04-01 05:55:43,816 - __main__ - INFO - 
Overall Status: FAILED
2026-04-01 05:55:43,817 - __main__ - INFO - ================================================================================

2026-04-01 05:55:43,827 - __main__ - INFO - Validation summary report exported to ./output/data_quality_report.csv
2026-04-01 05:55:43,838 - __main__ - INFO - Detailed check results exported to ./output/data_quality_report_detailed.csv
2026-04-01 05:55:43,844 - __main__ - INFO - Row-level errors exported to ./output/data_quality_errors.csv
2026-04-01 06:08:56,040 - __main__ - INFO - 
================================================================================
2026-04-01 06:08:56,041 - __main__ - INFO - GENERIC DATA QUALITY VALIDATION - C:\Users\User\OneDrive\Documents\py_task\2026-03-31_MSRBDealer.csv
2026-04-01 06:08:56,042 - __main__ - INFO - ================================================================================
2026-04-01 06:08:56,042 - __main__ - INFO - 
[SCHEMA CHECK] Verifying required columns
2026-04-01 06:08:56,043 - __main__ - INFO - --------------------------------------------------------------------------------
2026-04-01 06:08:56,044 - __main__ - ERROR - ERROR: Missing required columns: MSRB ID, State, Registrant Type
2026-04-01 06:08:56,045 - __main__ - INFO - 
[ROW-LEVEL VALIDATION] Checking each row
2026-04-01 06:08:56,046 - __main__ - INFO - --------------------------------------------------------------------------------
2026-04-01 06:08:56,047 - __main__ - ERROR - Error during validation: 'MSRB ID'
2026-04-01 06:08:56,064 - __main__ - INFO - Validation summary report exported to ./output/data_quality_report.csv
2026-04-01 06:09:34,239 - __main__ - INFO - 
================================================================================
2026-04-01 06:09:34,240 - __main__ - INFO - GENERIC DATA QUALITY VALIDATION - C:\Users\User\OneDrive\Documents\py_task\2026-03-26_MSRBRegistrants.csv
2026-04-01 06:09:34,241 - __main__ - INFO - ================================================================================
2026-04-01 06:09:34,243 - __main__ - INFO - 
[SCHEMA CHECK] Verifying required columns
2026-04-01 06:09:34,243 - __main__ - INFO - --------------------------------------------------------------------------------
2026-04-01 06:09:34,244 - __main__ - INFO - PASS: All 4 required columns found
2026-04-01 06:09:34,244 - __main__ - INFO - 
[ROW-LEVEL VALIDATION] Checking each row
2026-04-01 06:09:34,245 - __main__ - INFO - --------------------------------------------------------------------------------
2026-04-01 06:09:34,370 - __main__ - ERROR - Row validation failed: 44 error(s) in 43 row(s)
2026-04-01 06:09:34,370 - __main__ - ERROR - 
Sample errors (first 5):
2026-04-01 06:09:34,371 - __main__ - ERROR -   1. Row 25, Column 'Firm Name': Firm Name: Only alphabets, numbers, spaces, and .,&- allowed
2026-04-01 06:09:34,371 - __main__ - ERROR -   2. Row 70, Column 'State': State: Must be valid US state code
2026-04-01 06:09:34,371 - __main__ - ERROR -   3. Row 79, Column 'State': State: Must be valid US state code
2026-04-01 06:09:34,372 - __main__ - ERROR -   4. Row 82, Column 'State': State: Must be valid US state code
2026-04-01 06:09:34,372 - __main__ - ERROR -   5. Row 90, Column 'Firm Name': Firm Name: Only alphabets, numbers, spaces, and .,&- allowed
2026-04-01 06:09:34,372 - __main__ - ERROR -   ... and 39 more error(s)
2026-04-01 06:09:34,372 - __main__ - INFO - 
[TABLE-LEVEL VALIDATION] Checking uniqueness constraints
2026-04-01 06:09:34,373 - __main__ - INFO - --------------------------------------------------------------------------------
2026-04-01 06:09:34,373 - __main__ - INFO - Checking uniqueness for column 'MSRB ID'
2026-04-01 06:09:34,374 - __main__ - INFO - PASS: No duplicates in 'MSRB ID'
2026-04-01 06:09:34,375 - __main__ - INFO - 
================================================================================
2026-04-01 06:09:34,375 - __main__ - INFO - DATA QUALITY VALIDATION SUMMARY
2026-04-01 06:09:34,376 - __main__ - INFO - ================================================================================
2026-04-01 06:09:34,376 - __main__ - INFO - Checks Passed: 2
2026-04-01 06:09:34,377 - __main__ - INFO - Checks Failed: 1
2026-04-01 06:09:34,378 - __main__ - INFO - Errors Found:  44
2026-04-01 06:09:34,379 - __main__ - INFO - Detailed Errors: 44
2026-04-01 06:09:34,379 - __main__ - INFO - Warnings Found: 0
2026-04-01 06:09:34,380 - __main__ - ERROR - 
[ERRORS]
2026-04-01 06:09:34,380 - __main__ - ERROR -   1. Row 25: Firm Name: Only alphabets, numbers, spaces, and .,&- allowed
2026-04-01 06:09:34,381 - __main__ - ERROR -   2. Row 70: State: Must be valid US state code
2026-04-01 06:09:34,381 - __main__ - ERROR -   3. Row 79: State: Must be valid US state code
2026-04-01 06:09:34,382 - __main__ - ERROR -   4. Row 82: State: Must be valid US state code
2026-04-01 06:09:34,382 - __main__ - ERROR -   5. Row 90: Firm Name: Only alphabets, numbers, spaces, and .,&- allowed
2026-04-01 06:09:34,382 - __main__ - ERROR -   6. Row 101: Firm Name: Only alphabets, numbers, spaces, and .,&- allowed
2026-04-01 06:09:34,382 - __main__ - ERROR -   7. Row 131: Firm Name: Only alphabets, numbers, spaces, and .,&- allowed
2026-04-01 06:09:34,383 - __main__ - ERROR -   8. Row 134: State: Must be valid US state code
2026-04-01 06:09:34,383 - __main__ - ERROR -   9. Row 195: Firm Name: Only alphabets, numbers, spaces, and .,&- allowed
2026-04-01 06:09:34,387 - __main__ - ERROR -   10. Row 217: Firm Name: Only alphabets, numbers, spaces, and .,&- allowed
2026-04-01 06:09:34,388 - __main__ - ERROR -   ... and 34 more error(s)
2026-04-01 06:09:34,388 - __main__ - INFO - 
Overall Status: FAILED
2026-04-01 06:09:34,389 - __main__ - INFO - ================================================================================

2026-04-01 06:09:34,398 - __main__ - INFO - Validation summary report exported to ./output/data_quality_report.csv
2026-04-01 06:09:34,406 - __main__ - INFO - Detailed check results exported to ./output/data_quality_report_detailed.csv
2026-04-01 06:09:34,412 - __main__ - INFO - Row-level errors exported to ./output/data_quality_errors.csv
2026-04-01 06:14:07,919 - __main__ - INFO - 
================================================================================
2026-04-01 06:14:07,919 - __main__ - INFO - GENERIC DATA QUALITY VALIDATION - C:\Users\User\OneDrive\Documents\py_task\2026-03-31_MSRBDealer.csv
2026-04-01 06:14:07,919 - __main__ - INFO - ================================================================================
2026-04-01 06:14:07,924 - __main__ - INFO - 
[SCHEMA CHECK] Verifying required columns
2026-04-01 06:14:07,925 - __main__ - INFO - --------------------------------------------------------------------------------
2026-04-01 06:14:07,926 - __main__ - ERROR - ERROR: Missing required columns: MSRB ID, State, Registrant Type
2026-04-01 06:14:07,926 - __main__ - INFO - 
[ROW-LEVEL VALIDATION] Checking each row
2026-04-01 06:14:07,927 - __main__ - INFO - --------------------------------------------------------------------------------
2026-04-01 06:14:07,928 - __main__ - ERROR - Error during validation: 'MSRB ID'
2026-04-01 06:14:07,936 - __main__ - INFO - Validation summary report exported to ./output/data_quality_report.csv
2026-04-01 06:19:19,940 - __main__ - INFO - 
================================================================================
2026-04-01 06:19:19,940 - __main__ - INFO - GENERIC DATA QUALITY VALIDATION - C:\Users\User\OneDrive\Documents\py_task\2026-03-31_MSRBDealer.csv
2026-04-01 06:19:19,941 - __main__ - INFO - ================================================================================
2026-04-01 06:19:19,942 - __main__ - INFO - 
[SCHEMA CHECK] Verifying required columns
2026-04-01 06:19:19,942 - __main__ - INFO - --------------------------------------------------------------------------------
2026-04-01 06:19:19,943 - __main__ - INFO - PASS: All 3 required columns found
2026-04-01 06:19:19,943 - __main__ - INFO - 
[ROW-LEVEL VALIDATION] Checking each row
2026-04-01 06:19:19,944 - __main__ - INFO - --------------------------------------------------------------------------------
2026-04-01 06:19:20,068 - __main__ - INFO - PASS: All 997 rows passed validation
2026-04-01 06:19:20,069 - __main__ - INFO - 
[TABLE-LEVEL VALIDATION] Checking uniqueness constraints
2026-04-01 06:19:20,069 - __main__ - INFO - --------------------------------------------------------------------------------
2026-04-01 06:19:20,070 - __main__ - INFO - Checking uniqueness for column 'MSRB Number'
2026-04-01 06:19:20,081 - __main__ - ERROR - ERROR: Duplicate values found in MSRB Number: A4470, A5773, A6980 ... and 120 more
2026-04-01 06:19:20,081 - __main__ - INFO - Checking uniqueness for column 'EBS ID'
2026-04-01 06:19:20,083 - __main__ - INFO - PASS: No duplicates in 'EBS ID'
2026-04-01 06:19:20,083 - __main__ - INFO - 
================================================================================
2026-04-01 06:19:20,083 - __main__ - INFO - DATA QUALITY VALIDATION SUMMARY
2026-04-01 06:19:20,083 - __main__ - INFO - ================================================================================
2026-04-01 06:19:20,084 - __main__ - INFO - Checks Passed: 3
2026-04-01 06:19:20,084 - __main__ - INFO - Checks Failed: 1
2026-04-01 06:19:20,084 - __main__ - INFO - Errors Found:  1
2026-04-01 06:19:20,085 - __main__ - INFO - Detailed Errors: 0
2026-04-01 06:19:20,085 - __main__ - INFO - Warnings Found: 0
2026-04-01 06:19:20,086 - __main__ - ERROR - 
[ERRORS]
2026-04-01 06:19:20,086 - __main__ - ERROR -   1. ERROR: Duplicate values found in MSRB Number: A4470, A5773, A6980 ... and 120 more
2026-04-01 06:19:20,087 - __main__ - INFO - 
Overall Status: FAILED
2026-04-01 06:19:20,087 - __main__ - INFO - ================================================================================

2026-04-01 06:19:20,098 - __main__ - INFO - Validation summary report exported to ./output/data_quality_report.csv
2026-04-01 06:19:20,103 - __main__ - INFO - Detailed check results exported to ./output/data_quality_report_detailed.csv
2026-04-01 06:22:32,875 - __main__ - INFO - 
================================================================================
2026-04-01 06:22:32,875 - __main__ - INFO - GENERIC DATA QUALITY VALIDATION - C:\Users\User\OneDrive\Documents\py_task\2026-03-26_MSRBRegistrants.csv
2026-04-01 06:22:32,877 - __main__ - INFO - ================================================================================
2026-04-01 06:22:32,878 - __main__ - INFO - 
[SCHEMA CHECK] Verifying required columns
2026-04-01 06:22:32,879 - __main__ - INFO - --------------------------------------------------------------------------------
2026-04-01 06:22:32,880 - __main__ - INFO - PASS: All 4 required columns found
2026-04-01 06:22:32,883 - __main__ - INFO - 
[ROW-LEVEL VALIDATION] Checking each row
2026-04-01 06:22:32,884 - __main__ - INFO - --------------------------------------------------------------------------------
2026-04-01 06:22:33,010 - __main__ - ERROR - Row validation failed: 44 error(s) in 43 row(s)
2026-04-01 06:22:33,011 - __main__ - ERROR - 
Sample errors (first 5):
2026-04-01 06:22:33,011 - __main__ - ERROR -   1. Row 25, Column 'Firm Name': Firm Name: Only alphabets, numbers, spaces, and .,&- allowed
2026-04-01 06:22:33,011 - __main__ - ERROR -   2. Row 70, Column 'State': State: Must be valid US state code
2026-04-01 06:22:33,012 - __main__ - ERROR -   3. Row 79, Column 'State': State: Must be valid US state code
2026-04-01 06:22:33,012 - __main__ - ERROR -   4. Row 82, Column 'State': State: Must be valid US state code
2026-04-01 06:22:33,012 - __main__ - ERROR -   5. Row 90, Column 'Firm Name': Firm Name: Only alphabets, numbers, spaces, and .,&- allowed
2026-04-01 06:22:33,013 - __main__ - ERROR -   ... and 39 more error(s)
2026-04-01 06:22:33,013 - __main__ - INFO - 
[TABLE-LEVEL VALIDATION] Checking uniqueness constraints
2026-04-01 06:22:33,013 - __main__ - INFO - --------------------------------------------------------------------------------
2026-04-01 06:22:33,014 - __main__ - INFO - Checking uniqueness for column 'MSRB ID'
2026-04-01 06:22:33,015 - __main__ - INFO - PASS: No duplicates in 'MSRB ID'
2026-04-01 06:22:33,015 - __main__ - INFO - 
================================================================================
2026-04-01 06:22:33,016 - __main__ - INFO - DATA QUALITY VALIDATION SUMMARY
2026-04-01 06:22:33,017 - __main__ - INFO - ================================================================================
2026-04-01 06:22:33,017 - __main__ - INFO - Checks Passed: 2
2026-04-01 06:22:33,018 - __main__ - INFO - Checks Failed: 1
2026-04-01 06:22:33,018 - __main__ - INFO - Errors Found:  44
2026-04-01 06:22:33,019 - __main__ - INFO - Detailed Errors: 44
2026-04-01 06:22:33,019 - __main__ - INFO - Warnings Found: 0
2026-04-01 06:22:33,019 - __main__ - ERROR - 
[ERRORS]
2026-04-01 06:22:33,020 - __main__ - ERROR -   1. Row 25: Firm Name: Only alphabets, numbers, spaces, and .,&- allowed
2026-04-01 06:22:33,020 - __main__ - ERROR -   2. Row 70: State: Must be valid US state code
2026-04-01 06:22:33,021 - __main__ - ERROR -   3. Row 79: State: Must be valid US state code
2026-04-01 06:22:33,021 - __main__ - ERROR -   4. Row 82: State: Must be valid US state code
2026-04-01 06:22:33,022 - __main__ - ERROR -   5. Row 90: Firm Name: Only alphabets, numbers, spaces, and .,&- allowed
2026-04-01 06:22:33,022 - __main__ - ERROR -   6. Row 101: Firm Name: Only alphabets, numbers, spaces, and .,&- allowed
2026-04-01 06:22:33,023 - __main__ - ERROR -   7. Row 131: Firm Name: Only alphabets, numbers, spaces, and .,&- allowed
2026-04-01 06:22:33,023 - __main__ - ERROR -   8. Row 134: State: Must be valid US state code
2026-04-01 06:22:33,023 - __main__ - ERROR -   9. Row 195: Firm Name: Only alphabets, numbers, spaces, and .,&- allowed
2026-04-01 06:22:33,026 - __main__ - ERROR -   10. Row 217: Firm Name: Only alphabets, numbers, spaces, and .,&- allowed
2026-04-01 06:22:33,027 - __main__ - ERROR -   ... and 34 more error(s)
2026-04-01 06:22:33,028 - __main__ - INFO - 
Overall Status: FAILED
2026-04-01 06:22:33,028 - __main__ - INFO - ================================================================================

2026-04-01 06:22:33,035 - __main__ - INFO - Validation summary report exported to ./output/data_quality_report.csv
2026-04-01 06:22:33,043 - __main__ - INFO - Detailed check results exported to ./output/data_quality_report_detailed.csv
2026-04-01 06:22:33,053 - __main__ - INFO - Row-level errors exported to ./output/data_quality_errors.csv
2026-04-01 06:26:07,458 - __main__ - INFO - 
================================================================================
2026-04-01 06:26:07,459 - __main__ - INFO - GENERIC DATA QUALITY VALIDATION - C:\Users\User\OneDrive\Documents\py_task\2026-03-31_MSRBDealer.csv
2026-04-01 06:26:07,459 - __main__ - INFO - ================================================================================
2026-04-01 06:26:07,460 - __main__ - INFO - 
[SCHEMA CHECK] Verifying required columns
2026-04-01 06:26:07,460 - __main__ - INFO - --------------------------------------------------------------------------------
2026-04-01 06:26:07,463 - __main__ - INFO - PASS: All 3 required columns found
2026-04-01 06:26:07,463 - __main__ - INFO - 
[ROW-LEVEL VALIDATION] Checking each row
2026-04-01 06:26:07,468 - __main__ - INFO - --------------------------------------------------------------------------------
2026-04-01 06:26:07,702 - __main__ - INFO - PASS: All 997 rows passed validation
2026-04-01 06:26:07,702 - __main__ - INFO - 
[TABLE-LEVEL VALIDATION] Checking uniqueness constraints
2026-04-01 06:26:07,702 - __main__ - INFO - --------------------------------------------------------------------------------
2026-04-01 06:26:07,702 - __main__ - INFO - Checking uniqueness for column 'MSRB Number'
2026-04-01 06:26:07,718 - __main__ - ERROR - ERROR: Duplicate values found in MSRB Number: A4470, A5773, A6980 ... and 120 more
2026-04-01 06:26:07,718 - __main__ - INFO - Checking uniqueness for column 'EBS ID'
2026-04-01 06:26:07,729 - __main__ - INFO - PASS: No duplicates in 'EBS ID'
2026-04-01 06:26:07,730 - __main__ - INFO - 
================================================================================
2026-04-01 06:26:07,731 - __main__ - INFO - DATA QUALITY VALIDATION SUMMARY
2026-04-01 06:26:07,732 - __main__ - INFO - ================================================================================
2026-04-01 06:26:07,732 - __main__ - INFO - Checks Passed: 3
2026-04-01 06:26:07,733 - __main__ - INFO - Checks Failed: 1
2026-04-01 06:26:07,733 - __main__ - INFO - Errors Found:  1
2026-04-01 06:26:07,734 - __main__ - INFO - Detailed Errors: 0
2026-04-01 06:26:07,734 - __main__ - INFO - Warnings Found: 0
2026-04-01 06:26:07,735 - __main__ - ERROR - 
[ERRORS]
2026-04-01 06:26:07,735 - __main__ - ERROR -   1. ERROR: Duplicate values found in MSRB Number: A4470, A5773, A6980 ... and 120 more
2026-04-01 06:26:07,735 - __main__ - INFO - 
Overall Status: FAILED
2026-04-01 06:26:07,736 - __main__ - INFO - ================================================================================

2026-04-01 06:26:07,747 - __main__ - INFO - Validation summary report exported to ./output/data_quality_report.csv
2026-04-01 06:26:07,755 - __main__ - INFO - Detailed check results exported to ./output/data_quality_report_detailed.csv
2026-04-01 06:56:50,609 - __main__ - ERROR - Error during validation: 'utf-8' codec can't decode byte 0xff in position 0: invalid start byte
2026-04-01 06:56:50,618 - __main__ - INFO - Validation summary report exported to ./output/data_quality_report.csv
